// Jest Snapshot v1, https://goo.gl/fbAQLP

exports[`FriendsBlock snapshot 1`] = `
Object {
  "asFragment": [Function],
  "baseElement": <body>
    <div>
      <div
        class="whiteBlock page_block friendsBlock"
      >
        <div
          class="whiteBlockInfo"
        >
          <span
            class="title"
          >
            Friends
          </span>
          <span
            class="count"
          >
            100
          </span>
        </div>
        <div
          class="friends"
        >
          <div
            class="person"
          >
            <a
              class="imgRow"
              href="#"
            >
              <img
                alt="person avatar"
                src="https://sun1-55.userapi.com/s/v1/ig2/4AmTw3rdunMJaSLZppSACbdzwsYy-w5fhHszb-fvHFLvv9ea2fe5yrcJE8K_3BsCsJv5MAlWYJRwyIpsB_5SCN9J.jpg?size=50x50&quality=96&crop=0,145,989,989&ava=1"
              />
            </a>
            <a
              class="link_text"
              href="#"
            >
              Vladilen
            </a>
          </div>
          <div
            class="person"
          >
            <a
              class="imgRow"
              href="#"
            >
              <img
                alt="person avatar"
                src="https://sun1-55.userapi.com/s/v1/ig2/4AmTw3rdunMJaSLZppSACbdzwsYy-w5fhHszb-fvHFLvv9ea2fe5yrcJE8K_3BsCsJv5MAlWYJRwyIpsB_5SCN9J.jpg?size=50x50&quality=96&crop=0,145,989,989&ava=1"
              />
            </a>
            <a
              class="link_text"
              href="#"
            >
              Vladilen
            </a>
          </div>
          <div
            class="person"
          >
            <a
              class="imgRow"
              href="#"
            >
              <img
                alt="person avatar"
                src="https://sun1-55.userapi.com/s/v1/ig2/4AmTw3rdunMJaSLZppSACbdzwsYy-w5fhHszb-fvHFLvv9ea2fe5yrcJE8K_3BsCsJv5MAlWYJRwyIpsB_5SCN9J.jpg?size=50x50&quality=96&crop=0,145,989,989&ava=1"
              />
            </a>
            <a
              class="link_text"
              href="#"
            >
              Vladilen
            </a>
          </div>
          <div
            class="person"
          >
            <a
              class="imgRow"
              href="#"
            >
              <img
                alt="person avatar"
                src="https://sun1-55.userapi.com/s/v1/ig2/4AmTw3rdunMJaSLZppSACbdzwsYy-w5fhHszb-fvHFLvv9ea2fe5yrcJE8K_3BsCsJv5MAlWYJRwyIpsB_5SCN9J.jpg?size=50x50&quality=96&crop=0,145,989,989&ava=1"
              />
            </a>
            <a
              class="link_text"
              href="#"
            >
              Vladilen
            </a>
          </div>
          <div
            class="person"
          >
            <a
              class="imgRow"
              href="#"
            >
              <img
                alt="person avatar"
                src="https://sun1-55.userapi.com/s/v1/ig2/4AmTw3rdunMJaSLZppSACbdzwsYy-w5fhHszb-fvHFLvv9ea2fe5yrcJE8K_3BsCsJv5MAlWYJRwyIpsB_5SCN9J.jpg?size=50x50&quality=96&crop=0,145,989,989&ava=1"
              />
            </a>
            <a
              class="link_text"
              href="#"
            >
              Vladilen
            </a>
          </div>
          <div
            class="person"
          >
            <a
              class="imgRow"
              href="#"
            >
              <img
                alt="person avatar"
                src="https://sun1-55.userapi.com/s/v1/ig2/4AmTw3rdunMJaSLZppSACbdzwsYy-w5fhHszb-fvHFLvv9ea2fe5yrcJE8K_3BsCsJv5MAlWYJRwyIpsB_5SCN9J.jpg?size=50x50&quality=96&crop=0,145,989,989&ava=1"
              />
            </a>
            <a
              class="link_text"
              href="#"
            >
              Vladilen
            </a>
          </div>
        </div>
        <div
          style="border: 0.5px solid #d8dde3; background-color: rgb(216, 221, 227);"
        />
        <div
          class="whiteBlockInfo"
        >
          <span
            class="title"
          >
            Friends online
          </span>
          <span
            class="count"
          >
            15
          </span>
        </div>
        <div
          class="friends"
        >
          <div
            class="person"
          >
            <a
              class="imgRow"
              href="#"
            >
              <img
                alt="person avatar"
                src="https://sun1-55.userapi.com/s/v1/ig2/4AmTw3rdunMJaSLZppSACbdzwsYy-w5fhHszb-fvHFLvv9ea2fe5yrcJE8K_3BsCsJv5MAlWYJRwyIpsB_5SCN9J.jpg?size=50x50&quality=96&crop=0,145,989,989&ava=1"
              />
            </a>
            <a
              class="link_text"
              href="#"
            >
              Vladilen
            </a>
          </div>
          <div
            class="person"
          >
            <a
              class="imgRow"
              href="#"
            >
              <img
                alt="person avatar"
                src="https://sun1-55.userapi.com/s/v1/ig2/4AmTw3rdunMJaSLZppSACbdzwsYy-w5fhHszb-fvHFLvv9ea2fe5yrcJE8K_3BsCsJv5MAlWYJRwyIpsB_5SCN9J.jpg?size=50x50&quality=96&crop=0,145,989,989&ava=1"
              />
            </a>
            <a
              class="link_text"
              href="#"
            >
              Vladilen
            </a>
          </div>
          <div
            class="person"
          >
            <a
              class="imgRow"
              href="#"
            >
              <img
                alt="person avatar"
                src="https://sun1-55.userapi.com/s/v1/ig2/4AmTw3rdunMJaSLZppSACbdzwsYy-w5fhHszb-fvHFLvv9ea2fe5yrcJE8K_3BsCsJv5MAlWYJRwyIpsB_5SCN9J.jpg?size=50x50&quality=96&crop=0,145,989,989&ava=1"
              />
            </a>
            <a
              class="link_text"
              href="#"
            >
              Vladilen
            </a>
          </div>
          <div
            class="person"
          >
            <a
              class="imgRow"
              href="#"
            >
              <img
                alt="person avatar"
                src="https://sun1-55.userapi.com/s/v1/ig2/4AmTw3rdunMJaSLZppSACbdzwsYy-w5fhHszb-fvHFLvv9ea2fe5yrcJE8K_3BsCsJv5MAlWYJRwyIpsB_5SCN9J.jpg?size=50x50&quality=96&crop=0,145,989,989&ava=1"
              />
            </a>
            <a
              class="link_text"
              href="#"
            >
              Vladilen
            </a>
          </div>
          <div
            class="person"
          >
            <a
              class="imgRow"
              href="#"
            >
              <img
                alt="person avatar"
                src="https://sun1-55.userapi.com/s/v1/ig2/4AmTw3rdunMJaSLZppSACbdzwsYy-w5fhHszb-fvHFLvv9ea2fe5yrcJE8K_3BsCsJv5MAlWYJRwyIpsB_5SCN9J.jpg?size=50x50&quality=96&crop=0,145,989,989&ava=1"
              />
            </a>
            <a
              class="link_text"
              href="#"
            >
              Vladilen
            </a>
          </div>
          <div
            class="person"
          >
            <a
              class="imgRow"
              href="#"
            >
              <img
                alt="person avatar"
                src="https://sun1-55.userapi.com/s/v1/ig2/4AmTw3rdunMJaSLZppSACbdzwsYy-w5fhHszb-fvHFLvv9ea2fe5yrcJE8K_3BsCsJv5MAlWYJRwyIpsB_5SCN9J.jpg?size=50x50&quality=96&crop=0,145,989,989&ava=1"
              />
            </a>
            <a
              class="link_text"
              href="#"
            >
              Vladilen
            </a>
          </div>
        </div>
      </div>
    </div>
  </body>,
  "container": <div>
    <div
      class="whiteBlock page_block friendsBlock"
    >
      <div
        class="whiteBlockInfo"
      >
        <span
          class="title"
        >
          Friends
        </span>
        <span
          class="count"
        >
          100
        </span>
      </div>
      <div
        class="friends"
      >
        <div
          class="person"
        >
          <a
            class="imgRow"
            href="#"
          >
            <img
              alt="person avatar"
              src="https://sun1-55.userapi.com/s/v1/ig2/4AmTw3rdunMJaSLZppSACbdzwsYy-w5fhHszb-fvHFLvv9ea2fe5yrcJE8K_3BsCsJv5MAlWYJRwyIpsB_5SCN9J.jpg?size=50x50&quality=96&crop=0,145,989,989&ava=1"
            />
          </a>
          <a
            class="link_text"
            href="#"
          >
            Vladilen
          </a>
        </div>
        <div
          class="person"
        >
          <a
            class="imgRow"
            href="#"
          >
            <img
              alt="person avatar"
              src="https://sun1-55.userapi.com/s/v1/ig2/4AmTw3rdunMJaSLZppSACbdzwsYy-w5fhHszb-fvHFLvv9ea2fe5yrcJE8K_3BsCsJv5MAlWYJRwyIpsB_5SCN9J.jpg?size=50x50&quality=96&crop=0,145,989,989&ava=1"
            />
          </a>
          <a
            class="link_text"
            href="#"
          >
            Vladilen
          </a>
        </div>
        <div
          class="person"
        >
          <a
            class="imgRow"
            href="#"
          >
            <img
              alt="person avatar"
              src="https://sun1-55.userapi.com/s/v1/ig2/4AmTw3rdunMJaSLZppSACbdzwsYy-w5fhHszb-fvHFLvv9ea2fe5yrcJE8K_3BsCsJv5MAlWYJRwyIpsB_5SCN9J.jpg?size=50x50&quality=96&crop=0,145,989,989&ava=1"
            />
          </a>
          <a
            class="link_text"
            href="#"
          >
            Vladilen
          </a>
        </div>
        <div
          class="person"
        >
          <a
            class="imgRow"
            href="#"
          >
            <img
              alt="person avatar"
              src="https://sun1-55.userapi.com/s/v1/ig2/4AmTw3rdunMJaSLZppSACbdzwsYy-w5fhHszb-fvHFLvv9ea2fe5yrcJE8K_3BsCsJv5MAlWYJRwyIpsB_5SCN9J.jpg?size=50x50&quality=96&crop=0,145,989,989&ava=1"
            />
          </a>
          <a
            class="link_text"
            href="#"
          >
            Vladilen
          </a>
        </div>
        <div
          class="person"
        >
          <a
            class="imgRow"
            href="#"
          >
            <img
              alt="person avatar"
              src="https://sun1-55.userapi.com/s/v1/ig2/4AmTw3rdunMJaSLZppSACbdzwsYy-w5fhHszb-fvHFLvv9ea2fe5yrcJE8K_3BsCsJv5MAlWYJRwyIpsB_5SCN9J.jpg?size=50x50&quality=96&crop=0,145,989,989&ava=1"
            />
          </a>
          <a
            class="link_text"
            href="#"
          >
            Vladilen
          </a>
        </div>
        <div
          class="person"
        >
          <a
            class="imgRow"
            href="#"
          >
            <img
              alt="person avatar"
              src="https://sun1-55.userapi.com/s/v1/ig2/4AmTw3rdunMJaSLZppSACbdzwsYy-w5fhHszb-fvHFLvv9ea2fe5yrcJE8K_3BsCsJv5MAlWYJRwyIpsB_5SCN9J.jpg?size=50x50&quality=96&crop=0,145,989,989&ava=1"
            />
          </a>
          <a
            class="link_text"
            href="#"
          >
            Vladilen
          </a>
        </div>
      </div>
      <div
        style="border: 0.5px solid #d8dde3; background-color: rgb(216, 221, 227);"
      />
      <div
        class="whiteBlockInfo"
      >
        <span
          class="title"
        >
          Friends online
        </span>
        <span
          class="count"
        >
          15
        </span>
      </div>
      <div
        class="friends"
      >
        <div
          class="person"
        >
          <a
            class="imgRow"
            href="#"
          >
            <img
              alt="person avatar"
              src="https://sun1-55.userapi.com/s/v1/ig2/4AmTw3rdunMJaSLZppSACbdzwsYy-w5fhHszb-fvHFLvv9ea2fe5yrcJE8K_3BsCsJv5MAlWYJRwyIpsB_5SCN9J.jpg?size=50x50&quality=96&crop=0,145,989,989&ava=1"
            />
          </a>
          <a
            class="link_text"
            href="#"
          >
            Vladilen
          </a>
        </div>
        <div
          class="person"
        >
          <a
            class="imgRow"
            href="#"
          >
            <img
              alt="person avatar"
              src="https://sun1-55.userapi.com/s/v1/ig2/4AmTw3rdunMJaSLZppSACbdzwsYy-w5fhHszb-fvHFLvv9ea2fe5yrcJE8K_3BsCsJv5MAlWYJRwyIpsB_5SCN9J.jpg?size=50x50&quality=96&crop=0,145,989,989&ava=1"
            />
          </a>
          <a
            class="link_text"
            href="#"
          >
            Vladilen
          </a>
        </div>
        <div
          class="person"
        >
          <a
            class="imgRow"
            href="#"
          >
            <img
              alt="person avatar"
              src="https://sun1-55.userapi.com/s/v1/ig2/4AmTw3rdunMJaSLZppSACbdzwsYy-w5fhHszb-fvHFLvv9ea2fe5yrcJE8K_3BsCsJv5MAlWYJRwyIpsB_5SCN9J.jpg?size=50x50&quality=96&crop=0,145,989,989&ava=1"
            />
          </a>
          <a
            class="link_text"
            href="#"
          >
            Vladilen
          </a>
        </div>
        <div
          class="person"
        >
          <a
            class="imgRow"
            href="#"
          >
            <img
              alt="person avatar"
              src="https://sun1-55.userapi.com/s/v1/ig2/4AmTw3rdunMJaSLZppSACbdzwsYy-w5fhHszb-fvHFLvv9ea2fe5yrcJE8K_3BsCsJv5MAlWYJRwyIpsB_5SCN9J.jpg?size=50x50&quality=96&crop=0,145,989,989&ava=1"
            />
          </a>
          <a
            class="link_text"
            href="#"
          >
            Vladilen
          </a>
        </div>
        <div
          class="person"
        >
          <a
            class="imgRow"
            href="#"
          >
            <img
              alt="person avatar"
              src="https://sun1-55.userapi.com/s/v1/ig2/4AmTw3rdunMJaSLZppSACbdzwsYy-w5fhHszb-fvHFLvv9ea2fe5yrcJE8K_3BsCsJv5MAlWYJRwyIpsB_5SCN9J.jpg?size=50x50&quality=96&crop=0,145,989,989&ava=1"
            />
          </a>
          <a
            class="link_text"
            href="#"
          >
            Vladilen
          </a>
        </div>
        <div
          class="person"
        >
          <a
            class="imgRow"
            href="#"
          >
            <img
              alt="person avatar"
              src="https://sun1-55.userapi.com/s/v1/ig2/4AmTw3rdunMJaSLZppSACbdzwsYy-w5fhHszb-fvHFLvv9ea2fe5yrcJE8K_3BsCsJv5MAlWYJRwyIpsB_5SCN9J.jpg?size=50x50&quality=96&crop=0,145,989,989&ava=1"
            />
          </a>
          <a
            class="link_text"
            href="#"
          >
            Vladilen
          </a>
        </div>
      </div>
    </div>
  </div>,
  "debug": [Function],
  "findAllByAltText": [Function],
  "findAllByDisplayValue": [Function],
  "findAllByLabelText": [Function],
  "findAllByPlaceholderText": [Function],
  "findAllByRole": [Function],
  "findAllByTestId": [Function],
  "findAllByText": [Function],
  "findAllByTitle": [Function],
  "findByAltText": [Function],
  "findByDisplayValue": [Function],
  "findByLabelText": [Function],
  "findByPlaceholderText": [Function],
  "findByRole": [Function],
  "findByTestId": [Function],
  "findByText": [Function],
  "findByTitle": [Function],
  "getAllByAltText": [Function],
  "getAllByDisplayValue": [Function],
  "getAllByLabelText": [Function],
  "getAllByPlaceholderText": [Function],
  "getAllByRole": [Function],
  "getAllByTestId": [Function],
  "getAllByText": [Function],
  "getAllByTitle": [Function],
  "getByAltText": [Function],
  "getByDisplayValue": [Function],
  "getByLabelText": [Function],
  "getByPlaceholderText": [Function],
  "getByRole": [Function],
  "getByTestId": [Function],
  "getByText": [Function],
  "getByTitle": [Function],
  "queryAllByAltText": [Function],
  "queryAllByDisplayValue": [Function],
  "queryAllByLabelText": [Function],
  "queryAllByPlaceholderText": [Function],
  "queryAllByRole": [Function],
  "queryAllByTestId": [Function],
  "queryAllByText": [Function],
  "queryAllByTitle": [Function],
  "queryByAltText": [Function],
  "queryByDisplayValue": [Function],
  "queryByLabelText": [Function],
  "queryByPlaceholderText": [Function],
  "queryByRole": [Function],
  "queryByTestId": [Function],
  "queryByText": [Function],
  "queryByTitle": [Function],
  "rerender": [Function],
  "unmount": [Function],
}
`;
