// Jest Snapshot v1, https://goo.gl/fbAQLP

exports[`Header snapshot 1`] = `
Object {
  "asFragment": [Function],
  "baseElement": <body>
    <div>
      <header
        class="header"
      >
        <div
          class="container"
        >
          <ul
            class="list"
          >
            <li
              class="logo"
            >
              <svg
                fill="none"
                height="30"
                viewBox="0 0 30 30"
                width="30"
                xmlns="http://www.w3.org/2000/svg"
              >
                <g
                  clip-path="url(#logo_vk_snow_color_30__clip0_875_3554)"
                >
                  <path
                    d="M0 14.39C0 7.6 0 4.2 2.1 2.09 4.2 0 7.57 0 14.4 0h1.2c6.77 0 10.16 0 12.3 2.1C30.04 4.2 30 7.57 30 14.39v1.2c0 6.78 0 10.17-2.1 12.31-2.1 2.15-5.5 2.1-12.3 2.1h-1.22C7.6 30 4.21 30 2.1 27.9-.02 25.8 0 22.38 0 15.6v-1.2z"
                    fill="#07F"
                  />
                  <path
                    d="M15.94 21.6C9.1 21.6 5.22 16.9 5.06 9.11h3.42c.11 5.72 2.63 8.14 4.63 8.66V9.12h3.22v4.93c2-.21 4.05-2.45 4.73-4.93h3.22a9.54 9.54 0 01-4.37 6.22 9.85 9.85 0 015.14 6.25h-3.53c-.76-2.37-2.66-4.2-5.17-4.46v4.46h-.4z"
                    fill="#fff"
                  />
                  <path
                    d="M8.53 28.27a1.03 1.03 0 00-1.14-.88 1.02 1.02 0 00-.82.66l-.66-.08 1.25-1.65a.3.3 0 00-.2-.46l-2.05-.26.42-.55c.1.04.23.07.35.07h.14a1 1 0 00.65-.42 1.03 1.03 0 10-1.82-.5 1 1 0 00.2.46l-.42.55-.8-1.91a.29.29 0 00-.24-.18.28.28 0 00-.27.12l-1.26 1.64-.31-.76.14-.16a1.03 1.03 0 00-.19-1.42 1.02 1.02 0 00-1.64.96 1.03 1.03 0 00.4.68c.18.13.4.2.62.19H1l.32.75-2.06-.26a.3.3 0 00-.27.11.3.3 0 00-.04.31l.8 1.91-.8-.1c-.05-.27-.19-.5-.4-.67-.2-.17-.47-.25-.74-.23a1.03 1.03 0 00-.5 1.83c.17.13.4.2.62.2h.13a1.02 1.02 0 00.78-.56l.81.1-1.23 1.65a.3.3 0 00.05.42c.04.03.1.05.14.06l2.06.26-.5.65a1 1 0 00-1.18.34 1.03 1.03 0 00.8 1.65h.15a1 1 0 00.88-1 1 1 0 00-.2-.6l.52-.68.8 1.9a.3.3 0 00.23.19h.04a.3.3 0 00.24-.11l1.25-1.65.26.61a1.03 1.03 0 10.56-.19l-.28-.64 2.06.26h.04a.3.3 0 00.27-.41l-.8-1.91.7.09a1.03 1.03 0 002.01-.37zm-3.31-.4l-1.9-.24 1.16-1.5 1.88.24-1.14 1.5zm.1-4.06a.4.4 0 01.3-.17h.05c.1 0 .19.04.26.1a.43.43 0 11-.52.68.41.41 0 01-.17-.29.42.42 0 01.09-.32zm-2.04.2l.74 1.75-1.16 1.52-.57-1.37-.16-.38L3.28 24zM.62 23.7a.41.41 0 01-.17-.28.42.42 0 01.08-.32.46.46 0 01.3-.17h.05a.46.46 0 01.35.7.42.42 0 01-.3.16.46.46 0 01-.32-.09zm-.92 1.83l1.89.24.73 1.75-1.89-.24-.73-1.75zm-1.43 1.96a.46.46 0 01-.6.08.46.46 0 01-.1-.61.46.46 0 01.3-.17h.06c.1 0 .18.04.26.1a.46.46 0 01.08.6zm2.08.37l1.88.24-1.15 1.51-1.9-.22 1.17-1.53zm-.2 4.17a.43.43 0 01-.6.1.46.46 0 01-.08-.6.41.41 0 01.28-.17h.06c.1 0 .19.03.26.09H.1c.1.07.15.17.17.28 0 .11-.03.22-.1.3H.15zm2.13-.3l-.73-1.76 1.16-1.49.73 1.76-1.16 1.49zm2.53.21a.4.4 0 01.17.3.42.42 0 01-.08.31.44.44 0 11-.42-.7h.06c.1 0 .19.04.26.1h.01zM4 29.98l-.02-.05-.71-1.7 1.88.24.73 1.75L4 29.98zm3.85-1.3a.46.46 0 01-.6.07.46.46 0 01-.17-.28.46.46 0 01.08-.33.42.42 0 01.3-.16h.05c.1 0 .19.03.26.09a.42.42 0 01.17.28.46.46 0 01-.09.32zM27.57 29.68a.99.99 0 00-.63-.46 1 1 0 00-1.08.46l-1.65-.35 1.48-.49a.3.3 0 00.2-.26.3.3 0 00-.39-.3l-1.4.46 1.1-1.18c.14.07.3.11.45.1h.04a1 1 0 00.3-1.95 1.02 1.02 0 00-.4-.05.98.98 0 00-.7.32 1 1 0 00-.14 1.18L23.6 28.4l.31-1.52a.3.3 0 00-.32-.41.3.3 0 00-.24.27l-.3 1.43-.45-1.52a1 1 0 10-.57.17l.5 1.61-1.16-1.03a.3.3 0 00-.42 0 .3.3 0 00.02.42l1.1.97-1.56-.35a1 1 0 10-.13.58l1.64.37-1.5.54a.3.3 0 00-.18.37.3.3 0 00.28.21h.1l1.39-.46-1.09 1.14a1.01 1.01 0 00-.48-.1 1.01 1.01 0 00-.65 1.75c.18.17.42.27.68.28a1 1 0 00.87-1.5l1.16-1.23-.32 1.52a.3.3 0 00.23.35h.06a.3.3 0 00.3-.24l.3-1.43.45 1.53a1 1 0 00.56 1.82 1.01 1.01 0 00.61-1.81 1 1 0 00-.58-.2l-.5-1.62 1.16 1.03a.3.3 0 00.2.08.3.3 0 00.22-.1.3.3 0 000-.42l-1.13-.97 1.56.36a1 1 0 001.98.15.97.97 0 00-.13-.76zm-2.24-3.3a.4.4 0 01.29-.13.41.41 0 01.41.4c0 .11-.03.22-.1.3a.42.42 0 01-.6 0 .41.41 0 010-.57zm-3.19-.15a.41.41 0 11-.25-.8h.13a.41.41 0 01.12.82v-.02zm-2.25 2.41a.41.41 0 01-.5.31.41.41 0 01.1-.82h.09a.43.43 0 01.32.51zm.99 3.74a.41.41 0 01-.6 0 .4.4 0 01-.12-.29.41.41 0 01.1-.3.46.46 0 01.3-.13c.1 0 .2.04.28.11a.41.41 0 01.04.61zm3.19.15h.12a.41.41 0 11-.12 0zm-.54-2.57a.72.72 0 11-.86-1.16.72.72 0 01.86 1.16zm3.6.35a.42.42 0 01-.5.3.41.41 0 01.1-.81h.08a.42.42 0 01.32.5zM19.11 6.53a.76.76 0 100-1.52.76.76 0 000 1.52zM14.98 3.89a.85.85 0 100-1.7.85.85 0 000 1.7zM11.81 26.2a.85.85 0 100-1.7.85.85 0 000 1.7zM3.23 17.34a.85.85 0 100-1.7.85.85 0 000 1.7zM24.3 4.7a1.14 1.14 0 100-2.28 1.14 1.14 0 000 2.28zM7.8 2.27a.97.97 0 00.75-.09.95.95 0 00.43-.58.91.91 0 00-.08-.74.98.98 0 00-1.78.23.91.91 0 00-.01.46l-1.33.7.33-.56A.3.3 0 006 1.28a.3.3 0 00-.4.11l-.29.5L5.32.3a.3.3 0 00-.6-.01L4.7 1.96l-.32-.57a.3.3 0 00-.4-.1.3.3 0 00-.1.4l.28.5-1.35-.82a.3.3 0 10-.3.5l1.42.88-.66.02a.31.31 0 00-.3.3.3.3 0 00.3.3l.58-.03-1.26.68a1 1 0 00-.4-.23.97.97 0 00-1.2.67.97.97 0 00.1.73c.12.22.33.38.57.44a1 1 0 00.75-.08.97.97 0 00.48-1.02l1.35-.75-.33.58a.3.3 0 00.11.4.3.3 0 00.4-.11l.29-.5-.02 1.44a.97.97 0 00.25 1.9H5a.97.97 0 00.87-1.32.96.96 0 00-.58-.55V4.1l.32.57a.3.3 0 00.4.1.3.3 0 00.12-.4l-.3-.5 1.24.74a.95.95 0 00.96 1.2l.21-.03a.96.96 0 00.7-1.18.96.96 0 00-1.56-.5l-1.31-.78.66-.02a.3.3 0 00-.02-.59l-.57.02 1.25-.7a1 1 0 00.41.24zM7.87 1a.4.4 0 01.17-.05h.12a.38.38 0 01.25.44.36.36 0 01-.17.23.37.37 0 01-.52-.15.37.37 0 01.15-.47zm-5.6 3.8a.38.38 0 01-.44.26.36.36 0 01-.22-.17.38.38 0 01.14-.52.39.39 0 01.17-.05h.12a.38.38 0 01.22.18.37.37 0 01.02.32v-.01zM5.3 6.54a.38.38 0 11-.75-.01.38.38 0 01.37-.37c.1 0 .2.04.26.11a.36.36 0 01.12.28v-.01zm-.29-2.86a.68.68 0 11.66-.7.68.68 0 01-.65.7zm2.66.97a.39.39 0 01.31-.19c.07 0 .15.02.2.06a.37.37 0 01.18.23c.02.1 0 .2-.05.28a.34.34 0 01-.22.17.37.37 0 01-.46-.27c-.03-.1-.01-.2.04-.28zM32.76 16.19l-.6-.34.2-.06a.3.3 0 00.2-.36.3.3 0 00-.36-.2l-.76.2-.2-.1a1.27 1.27 0 000-.73l.15-.1.83.22h.07a.3.3 0 00.29-.23.3.3 0 00-.21-.36l-.25-.06.62-.37a.3.3 0 00-.3-.5l-.59.34.05-.2a.3.3 0 00-.57-.14l-.2.76-.2.12a1.3 1.3 0 00-.6-.34v-.19l.59-.6a.3.3 0 00-.43-.42l-.18.18v-.5a.88.88 0 10-.59 0v.45l-.14-.14a.3.3 0 00-.42.43l.57.56v.23c-.23.06-.44.17-.6.34l-.02.03-.17-.1-.23-.82a.3.3 0 10-.57.16l.07.25-.4-.23h-.04a.86.86 0 10-1.69-.03.86.86 0 00.85.7c.1 0 .2-.02.3-.06a.78.78 0 00.2-.11h.02l.4.24-.19.05a.3.3 0 00-.2.37.3.3 0 00.28.21h.08l.76-.21.2.11a1.24 1.24 0 000 .73l-.15.09-.81-.21a.3.3 0 00-.36.21.3.3 0 00.21.36l.25.06-.4.24-.05-.04a.87.87 0 00-1.03-.03.86.86 0 00-.05 1.37c.15.12.34.19.54.19h.09a.86.86 0 00.76-.95l.4-.24-.04.2a.3.3 0 00.2.35.2.2 0 00.08 0 .3.3 0 00.29-.21l.2-.77.2-.12c.16.17.37.29.6.34v.19l-.59.6a.3.3 0 000 .42.3.3 0 00.42 0l.18-.18v.46h-.06a.86.86 0 00-.04 1.58.8.8 0 00.66.02.86.86 0 00.04-1.6v-.45l.14.14c.06.06.13.09.21.1a.3.3 0 00.28-.37.3.3 0 00-.07-.15l-.57-.56v-.22c.23-.06.43-.17.6-.34l.02-.03.17.1.23.8a.3.3 0 00.28.23h.09a.3.3 0 00.2-.37l-.07-.24.63.35c.04.02.1.04.14.03a.3.3 0 00.26-.15.29.29 0 00-.1-.38zm-5.77-2.77a.26.26 0 01-.34-.15.27.27 0 010-.2.27.27 0 01.15-.15.3.3 0 01.09 0c.04 0 .08.01.11.03a.27.27 0 01.14.15.26.26 0 01-.15.32zm.13 3.5a.28.28 0 01-.17.1.27.27 0 01-.27-.14.27.27 0 01.03-.3.27.27 0 01.38-.03c.05.04.08.1.1.18 0 .06-.02.13-.05.18l-.02.01zm2.6-5.62a.28.28 0 01.15-.14h.1c.04 0 .07 0 .1.02a.26.26 0 01.14.35.26.26 0 01-.15.14.26.26 0 01-.34-.15.25.25 0 010-.22zm.5 7.34a.26.26 0 01-.14.14.29.29 0 01-.2 0 .26.26 0 01-.14-.15.25.25 0 010-.2.26.26 0 01.15-.14.27.27 0 01.2 0c.06.03.12.08.14.14a.27.27 0 01.01.2h-.01zm.09-3.06a.66.66 0 01-.6 0 .56.56 0 01-.19-.13.66.66 0 01-.19-.52c0-.17.07-.33.2-.45l.09-.09.08-.04a.6.6 0 01.3-.08c.1 0 .2.03.3.07l.07.05.1.08a.65.65 0 01.2.53.66.66 0 01-.28.53l-.08.05z"
                    fill="#fff"
                    opacity=".7"
                  />
                </g>
                <defs>
                  <clippath
                    id="logo_vk_snow_color_30__clip0_875_3554"
                  >
                    <rect
                      fill="#fff"
                      height="30"
                      rx="7.2"
                      width="30"
                    />
                  </clippath>
                </defs>
              </svg>
            </li>
            <li
              class="input"
            >
              <div
                class="wrapper"
              >
                <input
                  placeholder="Search"
                  type="text"
                />
              </div>
            </li>
            <li
              class="bell"
            >
              <div
                class="wrapper"
              >
                <svg
                  fill="none"
                  height="24"
                  width="24"
                  xmlns="http://www.w3.org/2000/svg"
                >
                  <path
                    d="M12 2.1c4.02 0 6.9 3.28 6.9 7.53v1.6c0 .23.2.53.72 1.08l.27.27c1.08 1.1 1.51 1.73 1.51 2.75 0 .44-.05.79-.27 1.2-.45.88-1.42 1.37-2.87 1.37h-1.9c-.64 2.33-2.14 3.6-4.36 3.6-2.25 0-3.75-1.3-4.37-3.67l.02.07H5.74c-1.5 0-2.47-.5-2.9-1.41-.2-.4-.24-.72-.24-1.16 0-1.02.43-1.65 1.51-2.75l.27-.27c.53-.55.72-.85.72-1.08v-1.6C5.1 5.38 7.99 2.1 12 2.1zm2.47 15.8H9.53c.46 1.25 1.25 1.8 2.47 1.8s2.01-.55 2.47-1.8zM12 3.9c-2.96 0-5.1 2.43-5.1 5.73v1.6c0 .85-.39 1.46-1.23 2.33l-.28.29c-.75.75-.99 1.11-.99 1.48 0 .19.01.29.06.38.1.22.43.39 1.28.39h12.52c.82 0 1.16-.17 1.28-.4.05-.1.06-.2.06-.37 0-.37-.24-.73-.99-1.48l-.28-.29c-.84-.87-1.23-1.48-1.23-2.33v-1.6c0-3.3-2.13-5.73-5.1-5.73z"
                    fill="currentColor"
                  />
                </svg>
              </div>
            </li>
            <li
              class="musicPlayer"
            >
              <div
                class="wrapper"
              >
                <div
                  class="content"
                >
                  <div
                    class="btns"
                  >
                    <button>
                      <svg
                        fill="none"
                        height="24"
                        viewBox="0 0 24 24"
                        width="24"
                        xmlns="http://www.w3.org/2000/svg"
                      >
                        <path
                          d="M10 13.17v3.33a1 1 0 11-2 0v-9a1 1 0 012 0v3.33l8.15-4.66c.82-.48 1.85.11 1.85 1.06v9.54c0 .95-1.03 1.54-1.85 1.06z"
                          fill="currentColor"
                          fill-rule="evenodd"
                        />
                      </svg>
                    </button>
                    <button>
                      <svg
                        fill="none"
                        height="24"
                        viewBox="0 0 24 24"
                        width="24"
                        xmlns="http://www.w3.org/2000/svg"
                      >
                        <path
                          d="M17.67 10.92c.82.49.82 1.67 0 2.16l-8.79 5.17c-.83.5-1.88-.1-1.88-1.08V6.83c0-.97 1.05-1.57 1.88-1.08l8.8 5.17z"
                          fill="currentColor"
                        />
                      </svg>
                    </button>
                    <button>
                      <svg
                        fill="none"
                        height="24"
                        viewBox="0 0 24 24"
                        width="24"
                        xmlns="http://www.w3.org/2000/svg"
                      >
                        <path
                          d="M14 10.83V7.5a1 1 0 112 0v9a1 1 0 01-2 0v-3.33l-8.15 4.66A1.23 1.23 0 014 16.77V7.23c0-.95 1.03-1.54 1.85-1.06z"
                          fill="currentColor"
                          fill-rule="evenodd"
                        />
                      </svg>
                    </button>
                  </div>
                  <div
                    class="title"
                  >
                    hello
                  </div>
                </div>
              </div>
            </li>
            <li
              class="rightSide"
            >
              <div
                class="catalogWrapper"
              >
                <img
                  alt="catalog icon"
                  src="https://vk.com/images/ecosystem_navigation_menu.svg"
                />
              </div>
              <div
                class="profileWrapper"
              >
                <img
                  alt="profile avatar"
                  src="https://sun1-90.userapi.com/s/v1/ig2/bSHcDRplZjBsy2vvEJd1tOGzUDbwAzRK_cNcRf_stSl-JXvVpiDIJjlEqVg3nRWVgniCryDoopd9NS1vgYnlpy1P.jpg?size=50x50&quality=96&crop=131,28,440,440&ava=1"
                />
                <div
                  class="arrow"
                >
                  <svg
                    fill="none"
                    height="8"
                    viewBox="0 0 12 8"
                    width="12"
                    xmlns="http://www.w3.org/2000/svg"
                  >
                    <path
                      clip-rule="evenodd"
                      d="M2.16 2.3a.75.75 0 011.05-.14L6 4.3l2.8-2.15a.75.75 0 11.9 1.19l-3.24 2.5c-.27.2-.65.2-.92 0L2.3 3.35a.75.75 0 01-.13-1.05z"
                      fill="currentColor"
                      fill-rule="evenodd"
                    />
                  </svg>
                </div>
              </div>
            </li>
          </ul>
        </div>
      </header>
    </div>
  </body>,
  "container": <div>
    <header
      class="header"
    >
      <div
        class="container"
      >
        <ul
          class="list"
        >
          <li
            class="logo"
          >
            <svg
              fill="none"
              height="30"
              viewBox="0 0 30 30"
              width="30"
              xmlns="http://www.w3.org/2000/svg"
            >
              <g
                clip-path="url(#logo_vk_snow_color_30__clip0_875_3554)"
              >
                <path
                  d="M0 14.39C0 7.6 0 4.2 2.1 2.09 4.2 0 7.57 0 14.4 0h1.2c6.77 0 10.16 0 12.3 2.1C30.04 4.2 30 7.57 30 14.39v1.2c0 6.78 0 10.17-2.1 12.31-2.1 2.15-5.5 2.1-12.3 2.1h-1.22C7.6 30 4.21 30 2.1 27.9-.02 25.8 0 22.38 0 15.6v-1.2z"
                  fill="#07F"
                />
                <path
                  d="M15.94 21.6C9.1 21.6 5.22 16.9 5.06 9.11h3.42c.11 5.72 2.63 8.14 4.63 8.66V9.12h3.22v4.93c2-.21 4.05-2.45 4.73-4.93h3.22a9.54 9.54 0 01-4.37 6.22 9.85 9.85 0 015.14 6.25h-3.53c-.76-2.37-2.66-4.2-5.17-4.46v4.46h-.4z"
                  fill="#fff"
                />
                <path
                  d="M8.53 28.27a1.03 1.03 0 00-1.14-.88 1.02 1.02 0 00-.82.66l-.66-.08 1.25-1.65a.3.3 0 00-.2-.46l-2.05-.26.42-.55c.1.04.23.07.35.07h.14a1 1 0 00.65-.42 1.03 1.03 0 10-1.82-.5 1 1 0 00.2.46l-.42.55-.8-1.91a.29.29 0 00-.24-.18.28.28 0 00-.27.12l-1.26 1.64-.31-.76.14-.16a1.03 1.03 0 00-.19-1.42 1.02 1.02 0 00-1.64.96 1.03 1.03 0 00.4.68c.18.13.4.2.62.19H1l.32.75-2.06-.26a.3.3 0 00-.27.11.3.3 0 00-.04.31l.8 1.91-.8-.1c-.05-.27-.19-.5-.4-.67-.2-.17-.47-.25-.74-.23a1.03 1.03 0 00-.5 1.83c.17.13.4.2.62.2h.13a1.02 1.02 0 00.78-.56l.81.1-1.23 1.65a.3.3 0 00.05.42c.04.03.1.05.14.06l2.06.26-.5.65a1 1 0 00-1.18.34 1.03 1.03 0 00.8 1.65h.15a1 1 0 00.88-1 1 1 0 00-.2-.6l.52-.68.8 1.9a.3.3 0 00.23.19h.04a.3.3 0 00.24-.11l1.25-1.65.26.61a1.03 1.03 0 10.56-.19l-.28-.64 2.06.26h.04a.3.3 0 00.27-.41l-.8-1.91.7.09a1.03 1.03 0 002.01-.37zm-3.31-.4l-1.9-.24 1.16-1.5 1.88.24-1.14 1.5zm.1-4.06a.4.4 0 01.3-.17h.05c.1 0 .19.04.26.1a.43.43 0 11-.52.68.41.41 0 01-.17-.29.42.42 0 01.09-.32zm-2.04.2l.74 1.75-1.16 1.52-.57-1.37-.16-.38L3.28 24zM.62 23.7a.41.41 0 01-.17-.28.42.42 0 01.08-.32.46.46 0 01.3-.17h.05a.46.46 0 01.35.7.42.42 0 01-.3.16.46.46 0 01-.32-.09zm-.92 1.83l1.89.24.73 1.75-1.89-.24-.73-1.75zm-1.43 1.96a.46.46 0 01-.6.08.46.46 0 01-.1-.61.46.46 0 01.3-.17h.06c.1 0 .18.04.26.1a.46.46 0 01.08.6zm2.08.37l1.88.24-1.15 1.51-1.9-.22 1.17-1.53zm-.2 4.17a.43.43 0 01-.6.1.46.46 0 01-.08-.6.41.41 0 01.28-.17h.06c.1 0 .19.03.26.09H.1c.1.07.15.17.17.28 0 .11-.03.22-.1.3H.15zm2.13-.3l-.73-1.76 1.16-1.49.73 1.76-1.16 1.49zm2.53.21a.4.4 0 01.17.3.42.42 0 01-.08.31.44.44 0 11-.42-.7h.06c.1 0 .19.04.26.1h.01zM4 29.98l-.02-.05-.71-1.7 1.88.24.73 1.75L4 29.98zm3.85-1.3a.46.46 0 01-.6.07.46.46 0 01-.17-.28.46.46 0 01.08-.33.42.42 0 01.3-.16h.05c.1 0 .19.03.26.09a.42.42 0 01.17.28.46.46 0 01-.09.32zM27.57 29.68a.99.99 0 00-.63-.46 1 1 0 00-1.08.46l-1.65-.35 1.48-.49a.3.3 0 00.2-.26.3.3 0 00-.39-.3l-1.4.46 1.1-1.18c.14.07.3.11.45.1h.04a1 1 0 00.3-1.95 1.02 1.02 0 00-.4-.05.98.98 0 00-.7.32 1 1 0 00-.14 1.18L23.6 28.4l.31-1.52a.3.3 0 00-.32-.41.3.3 0 00-.24.27l-.3 1.43-.45-1.52a1 1 0 10-.57.17l.5 1.61-1.16-1.03a.3.3 0 00-.42 0 .3.3 0 00.02.42l1.1.97-1.56-.35a1 1 0 10-.13.58l1.64.37-1.5.54a.3.3 0 00-.18.37.3.3 0 00.28.21h.1l1.39-.46-1.09 1.14a1.01 1.01 0 00-.48-.1 1.01 1.01 0 00-.65 1.75c.18.17.42.27.68.28a1 1 0 00.87-1.5l1.16-1.23-.32 1.52a.3.3 0 00.23.35h.06a.3.3 0 00.3-.24l.3-1.43.45 1.53a1 1 0 00.56 1.82 1.01 1.01 0 00.61-1.81 1 1 0 00-.58-.2l-.5-1.62 1.16 1.03a.3.3 0 00.2.08.3.3 0 00.22-.1.3.3 0 000-.42l-1.13-.97 1.56.36a1 1 0 001.98.15.97.97 0 00-.13-.76zm-2.24-3.3a.4.4 0 01.29-.13.41.41 0 01.41.4c0 .11-.03.22-.1.3a.42.42 0 01-.6 0 .41.41 0 010-.57zm-3.19-.15a.41.41 0 11-.25-.8h.13a.41.41 0 01.12.82v-.02zm-2.25 2.41a.41.41 0 01-.5.31.41.41 0 01.1-.82h.09a.43.43 0 01.32.51zm.99 3.74a.41.41 0 01-.6 0 .4.4 0 01-.12-.29.41.41 0 01.1-.3.46.46 0 01.3-.13c.1 0 .2.04.28.11a.41.41 0 01.04.61zm3.19.15h.12a.41.41 0 11-.12 0zm-.54-2.57a.72.72 0 11-.86-1.16.72.72 0 01.86 1.16zm3.6.35a.42.42 0 01-.5.3.41.41 0 01.1-.81h.08a.42.42 0 01.32.5zM19.11 6.53a.76.76 0 100-1.52.76.76 0 000 1.52zM14.98 3.89a.85.85 0 100-1.7.85.85 0 000 1.7zM11.81 26.2a.85.85 0 100-1.7.85.85 0 000 1.7zM3.23 17.34a.85.85 0 100-1.7.85.85 0 000 1.7zM24.3 4.7a1.14 1.14 0 100-2.28 1.14 1.14 0 000 2.28zM7.8 2.27a.97.97 0 00.75-.09.95.95 0 00.43-.58.91.91 0 00-.08-.74.98.98 0 00-1.78.23.91.91 0 00-.01.46l-1.33.7.33-.56A.3.3 0 006 1.28a.3.3 0 00-.4.11l-.29.5L5.32.3a.3.3 0 00-.6-.01L4.7 1.96l-.32-.57a.3.3 0 00-.4-.1.3.3 0 00-.1.4l.28.5-1.35-.82a.3.3 0 10-.3.5l1.42.88-.66.02a.31.31 0 00-.3.3.3.3 0 00.3.3l.58-.03-1.26.68a1 1 0 00-.4-.23.97.97 0 00-1.2.67.97.97 0 00.1.73c.12.22.33.38.57.44a1 1 0 00.75-.08.97.97 0 00.48-1.02l1.35-.75-.33.58a.3.3 0 00.11.4.3.3 0 00.4-.11l.29-.5-.02 1.44a.97.97 0 00.25 1.9H5a.97.97 0 00.87-1.32.96.96 0 00-.58-.55V4.1l.32.57a.3.3 0 00.4.1.3.3 0 00.12-.4l-.3-.5 1.24.74a.95.95 0 00.96 1.2l.21-.03a.96.96 0 00.7-1.18.96.96 0 00-1.56-.5l-1.31-.78.66-.02a.3.3 0 00-.02-.59l-.57.02 1.25-.7a1 1 0 00.41.24zM7.87 1a.4.4 0 01.17-.05h.12a.38.38 0 01.25.44.36.36 0 01-.17.23.37.37 0 01-.52-.15.37.37 0 01.15-.47zm-5.6 3.8a.38.38 0 01-.44.26.36.36 0 01-.22-.17.38.38 0 01.14-.52.39.39 0 01.17-.05h.12a.38.38 0 01.22.18.37.37 0 01.02.32v-.01zM5.3 6.54a.38.38 0 11-.75-.01.38.38 0 01.37-.37c.1 0 .2.04.26.11a.36.36 0 01.12.28v-.01zm-.29-2.86a.68.68 0 11.66-.7.68.68 0 01-.65.7zm2.66.97a.39.39 0 01.31-.19c.07 0 .15.02.2.06a.37.37 0 01.18.23c.02.1 0 .2-.05.28a.34.34 0 01-.22.17.37.37 0 01-.46-.27c-.03-.1-.01-.2.04-.28zM32.76 16.19l-.6-.34.2-.06a.3.3 0 00.2-.36.3.3 0 00-.36-.2l-.76.2-.2-.1a1.27 1.27 0 000-.73l.15-.1.83.22h.07a.3.3 0 00.29-.23.3.3 0 00-.21-.36l-.25-.06.62-.37a.3.3 0 00-.3-.5l-.59.34.05-.2a.3.3 0 00-.57-.14l-.2.76-.2.12a1.3 1.3 0 00-.6-.34v-.19l.59-.6a.3.3 0 00-.43-.42l-.18.18v-.5a.88.88 0 10-.59 0v.45l-.14-.14a.3.3 0 00-.42.43l.57.56v.23c-.23.06-.44.17-.6.34l-.02.03-.17-.1-.23-.82a.3.3 0 10-.57.16l.07.25-.4-.23h-.04a.86.86 0 10-1.69-.03.86.86 0 00.85.7c.1 0 .2-.02.3-.06a.78.78 0 00.2-.11h.02l.4.24-.19.05a.3.3 0 00-.2.37.3.3 0 00.28.21h.08l.76-.21.2.11a1.24 1.24 0 000 .73l-.15.09-.81-.21a.3.3 0 00-.36.21.3.3 0 00.21.36l.25.06-.4.24-.05-.04a.87.87 0 00-1.03-.03.86.86 0 00-.05 1.37c.15.12.34.19.54.19h.09a.86.86 0 00.76-.95l.4-.24-.04.2a.3.3 0 00.2.35.2.2 0 00.08 0 .3.3 0 00.29-.21l.2-.77.2-.12c.16.17.37.29.6.34v.19l-.59.6a.3.3 0 000 .42.3.3 0 00.42 0l.18-.18v.46h-.06a.86.86 0 00-.04 1.58.8.8 0 00.66.02.86.86 0 00.04-1.6v-.45l.14.14c.06.06.13.09.21.1a.3.3 0 00.28-.37.3.3 0 00-.07-.15l-.57-.56v-.22c.23-.06.43-.17.6-.34l.02-.03.17.1.23.8a.3.3 0 00.28.23h.09a.3.3 0 00.2-.37l-.07-.24.63.35c.04.02.1.04.14.03a.3.3 0 00.26-.15.29.29 0 00-.1-.38zm-5.77-2.77a.26.26 0 01-.34-.15.27.27 0 010-.2.27.27 0 01.15-.15.3.3 0 01.09 0c.04 0 .08.01.11.03a.27.27 0 01.14.15.26.26 0 01-.15.32zm.13 3.5a.28.28 0 01-.17.1.27.27 0 01-.27-.14.27.27 0 01.03-.3.27.27 0 01.38-.03c.05.04.08.1.1.18 0 .06-.02.13-.05.18l-.02.01zm2.6-5.62a.28.28 0 01.15-.14h.1c.04 0 .07 0 .1.02a.26.26 0 01.14.35.26.26 0 01-.15.14.26.26 0 01-.34-.15.25.25 0 010-.22zm.5 7.34a.26.26 0 01-.14.14.29.29 0 01-.2 0 .26.26 0 01-.14-.15.25.25 0 010-.2.26.26 0 01.15-.14.27.27 0 01.2 0c.06.03.12.08.14.14a.27.27 0 01.01.2h-.01zm.09-3.06a.66.66 0 01-.6 0 .56.56 0 01-.19-.13.66.66 0 01-.19-.52c0-.17.07-.33.2-.45l.09-.09.08-.04a.6.6 0 01.3-.08c.1 0 .2.03.3.07l.07.05.1.08a.65.65 0 01.2.53.66.66 0 01-.28.53l-.08.05z"
                  fill="#fff"
                  opacity=".7"
                />
              </g>
              <defs>
                <clippath
                  id="logo_vk_snow_color_30__clip0_875_3554"
                >
                  <rect
                    fill="#fff"
                    height="30"
                    rx="7.2"
                    width="30"
                  />
                </clippath>
              </defs>
            </svg>
          </li>
          <li
            class="input"
          >
            <div
              class="wrapper"
            >
              <input
                placeholder="Search"
                type="text"
              />
            </div>
          </li>
          <li
            class="bell"
          >
            <div
              class="wrapper"
            >
              <svg
                fill="none"
                height="24"
                width="24"
                xmlns="http://www.w3.org/2000/svg"
              >
                <path
                  d="M12 2.1c4.02 0 6.9 3.28 6.9 7.53v1.6c0 .23.2.53.72 1.08l.27.27c1.08 1.1 1.51 1.73 1.51 2.75 0 .44-.05.79-.27 1.2-.45.88-1.42 1.37-2.87 1.37h-1.9c-.64 2.33-2.14 3.6-4.36 3.6-2.25 0-3.75-1.3-4.37-3.67l.02.07H5.74c-1.5 0-2.47-.5-2.9-1.41-.2-.4-.24-.72-.24-1.16 0-1.02.43-1.65 1.51-2.75l.27-.27c.53-.55.72-.85.72-1.08v-1.6C5.1 5.38 7.99 2.1 12 2.1zm2.47 15.8H9.53c.46 1.25 1.25 1.8 2.47 1.8s2.01-.55 2.47-1.8zM12 3.9c-2.96 0-5.1 2.43-5.1 5.73v1.6c0 .85-.39 1.46-1.23 2.33l-.28.29c-.75.75-.99 1.11-.99 1.48 0 .19.01.29.06.38.1.22.43.39 1.28.39h12.52c.82 0 1.16-.17 1.28-.4.05-.1.06-.2.06-.37 0-.37-.24-.73-.99-1.48l-.28-.29c-.84-.87-1.23-1.48-1.23-2.33v-1.6c0-3.3-2.13-5.73-5.1-5.73z"
                  fill="currentColor"
                />
              </svg>
            </div>
          </li>
          <li
            class="musicPlayer"
          >
            <div
              class="wrapper"
            >
              <div
                class="content"
              >
                <div
                  class="btns"
                >
                  <button>
                    <svg
                      fill="none"
                      height="24"
                      viewBox="0 0 24 24"
                      width="24"
                      xmlns="http://www.w3.org/2000/svg"
                    >
                      <path
                        d="M10 13.17v3.33a1 1 0 11-2 0v-9a1 1 0 012 0v3.33l8.15-4.66c.82-.48 1.85.11 1.85 1.06v9.54c0 .95-1.03 1.54-1.85 1.06z"
                        fill="currentColor"
                        fill-rule="evenodd"
                      />
                    </svg>
                  </button>
                  <button>
                    <svg
                      fill="none"
                      height="24"
                      viewBox="0 0 24 24"
                      width="24"
                      xmlns="http://www.w3.org/2000/svg"
                    >
                      <path
                        d="M17.67 10.92c.82.49.82 1.67 0 2.16l-8.79 5.17c-.83.5-1.88-.1-1.88-1.08V6.83c0-.97 1.05-1.57 1.88-1.08l8.8 5.17z"
                        fill="currentColor"
                      />
                    </svg>
                  </button>
                  <button>
                    <svg
                      fill="none"
                      height="24"
                      viewBox="0 0 24 24"
                      width="24"
                      xmlns="http://www.w3.org/2000/svg"
                    >
                      <path
                        d="M14 10.83V7.5a1 1 0 112 0v9a1 1 0 01-2 0v-3.33l-8.15 4.66A1.23 1.23 0 014 16.77V7.23c0-.95 1.03-1.54 1.85-1.06z"
                        fill="currentColor"
                        fill-rule="evenodd"
                      />
                    </svg>
                  </button>
                </div>
                <div
                  class="title"
                >
                  hello
                </div>
              </div>
            </div>
          </li>
          <li
            class="rightSide"
          >
            <div
              class="catalogWrapper"
            >
              <img
                alt="catalog icon"
                src="https://vk.com/images/ecosystem_navigation_menu.svg"
              />
            </div>
            <div
              class="profileWrapper"
            >
              <img
                alt="profile avatar"
                src="https://sun1-90.userapi.com/s/v1/ig2/bSHcDRplZjBsy2vvEJd1tOGzUDbwAzRK_cNcRf_stSl-JXvVpiDIJjlEqVg3nRWVgniCryDoopd9NS1vgYnlpy1P.jpg?size=50x50&quality=96&crop=131,28,440,440&ava=1"
              />
              <div
                class="arrow"
              >
                <svg
                  fill="none"
                  height="8"
                  viewBox="0 0 12 8"
                  width="12"
                  xmlns="http://www.w3.org/2000/svg"
                >
                  <path
                    clip-rule="evenodd"
                    d="M2.16 2.3a.75.75 0 011.05-.14L6 4.3l2.8-2.15a.75.75 0 11.9 1.19l-3.24 2.5c-.27.2-.65.2-.92 0L2.3 3.35a.75.75 0 01-.13-1.05z"
                    fill="currentColor"
                    fill-rule="evenodd"
                  />
                </svg>
              </div>
            </div>
          </li>
        </ul>
      </div>
    </header>
  </div>,
  "debug": [Function],
  "findAllByAltText": [Function],
  "findAllByDisplayValue": [Function],
  "findAllByLabelText": [Function],
  "findAllByPlaceholderText": [Function],
  "findAllByRole": [Function],
  "findAllByTestId": [Function],
  "findAllByText": [Function],
  "findAllByTitle": [Function],
  "findByAltText": [Function],
  "findByDisplayValue": [Function],
  "findByLabelText": [Function],
  "findByPlaceholderText": [Function],
  "findByRole": [Function],
  "findByTestId": [Function],
  "findByText": [Function],
  "findByTitle": [Function],
  "getAllByAltText": [Function],
  "getAllByDisplayValue": [Function],
  "getAllByLabelText": [Function],
  "getAllByPlaceholderText": [Function],
  "getAllByRole": [Function],
  "getAllByTestId": [Function],
  "getAllByText": [Function],
  "getAllByTitle": [Function],
  "getByAltText": [Function],
  "getByDisplayValue": [Function],
  "getByLabelText": [Function],
  "getByPlaceholderText": [Function],
  "getByRole": [Function],
  "getByTestId": [Function],
  "getByText": [Function],
  "getByTitle": [Function],
  "queryAllByAltText": [Function],
  "queryAllByDisplayValue": [Function],
  "queryAllByLabelText": [Function],
  "queryAllByPlaceholderText": [Function],
  "queryAllByRole": [Function],
  "queryAllByTestId": [Function],
  "queryAllByText": [Function],
  "queryAllByTitle": [Function],
  "queryByAltText": [Function],
  "queryByDisplayValue": [Function],
  "queryByLabelText": [Function],
  "queryByPlaceholderText": [Function],
  "queryByRole": [Function],
  "queryByTestId": [Function],
  "queryByText": [Function],
  "queryByTitle": [Function],
  "rerender": [Function],
  "unmount": [Function],
}
`;
