// Jest Snapshot v1, https://goo.gl/fbAQLP

exports[`GiftsBlock snapshot 1`] = `
Object {
  "asFragment": [Function],
  "baseElement": <body>
    <div>
      <div
        class="whiteBlock giftsBlock"
      >
        <div
          class="whiteBlockInfo"
        >
          <span
            class="title"
          >
            Gifts
          </span>
          <span
            class="count"
          >
            105
          </span>
        </div>
        <div
          class="gifts"
        >
          <img
            alt="Team Spirit"
            src="https://vk.com/sticker/4-1360-96"
          />
          <img
            alt="VK Music"
            src="https://vk.com/sticker/4-540-96"
          />
          <img
            alt="Cake"
            src="https://vk.com/images/gift/1143/96.png"
          />
        </div>
      </div>
    </div>
  </body>,
  "container": <div>
    <div
      class="whiteBlock giftsBlock"
    >
      <div
        class="whiteBlockInfo"
      >
        <span
          class="title"
        >
          Gifts
        </span>
        <span
          class="count"
        >
          105
        </span>
      </div>
      <div
        class="gifts"
      >
        <img
          alt="Team Spirit"
          src="https://vk.com/sticker/4-1360-96"
        />
        <img
          alt="VK Music"
          src="https://vk.com/sticker/4-540-96"
        />
        <img
          alt="Cake"
          src="https://vk.com/images/gift/1143/96.png"
        />
      </div>
    </div>
  </div>,
  "debug": [Function],
  "findAllByAltText": [Function],
  "findAllByDisplayValue": [Function],
  "findAllByLabelText": [Function],
  "findAllByPlaceholderText": [Function],
  "findAllByRole": [Function],
  "findAllByTestId": [Function],
  "findAllByText": [Function],
  "findAllByTitle": [Function],
  "findByAltText": [Function],
  "findByDisplayValue": [Function],
  "findByLabelText": [Function],
  "findByPlaceholderText": [Function],
  "findByRole": [Function],
  "findByTestId": [Function],
  "findByText": [Function],
  "findByTitle": [Function],
  "getAllByAltText": [Function],
  "getAllByDisplayValue": [Function],
  "getAllByLabelText": [Function],
  "getAllByPlaceholderText": [Function],
  "getAllByRole": [Function],
  "getAllByTestId": [Function],
  "getAllByText": [Function],
  "getAllByTitle": [Function],
  "getByAltText": [Function],
  "getByDisplayValue": [Function],
  "getByLabelText": [Function],
  "getByPlaceholderText": [Function],
  "getByRole": [Function],
  "getByTestId": [Function],
  "getByText": [Function],
  "getByTitle": [Function],
  "queryAllByAltText": [Function],
  "queryAllByDisplayValue": [Function],
  "queryAllByLabelText": [Function],
  "queryAllByPlaceholderText": [Function],
  "queryAllByRole": [Function],
  "queryAllByTestId": [Function],
  "queryAllByText": [Function],
  "queryAllByTitle": [Function],
  "queryByAltText": [Function],
  "queryByDisplayValue": [Function],
  "queryByLabelText": [Function],
  "queryByPlaceholderText": [Function],
  "queryByRole": [Function],
  "queryByTestId": [Function],
  "queryByText": [Function],
  "queryByTitle": [Function],
  "rerender": [Function],
  "unmount": [Function],
}
`;
