// Jest Snapshot v1, https://goo.gl/fbAQLP

exports[`VideoBlock snapshot 1`] = `
Object {
  "asFragment": [Function],
  "baseElement": <body>
    <div>
      <div
        class="videoBlock"
      >
        <div
          class="whiteBlockInfo"
        >
          <span
            class="title"
          >
            Videos
          </span>
          <span
            class="count"
          >
            208
          </span>
        </div>
        <div
          class="videos"
        >
          <div
            class="video"
          >
            <a
              href="#"
            >
              <div
                class="videoImg"
                style="background-image: url(https://i.imgur.com/FDvVliP.jpg);"
              >
                <div
                  class="videoPlayIcon"
                  data-testid="videoPlayIcon"
                />
              </div>
            </a>
            <a
              class="link_text videoTitle"
              href="#"
            >
              Вот что делают монстры под кроватью
            </a>
          </div>
          <div
            class="video"
          >
            <a
              href="#"
            >
              <div
                class="videoImg"
                style="background-image: url(https://i.imgur.com/FDvVliP.jpg);"
              >
                <div
                  class="videoPlayIcon"
                  data-testid="videoPlayIcon"
                />
              </div>
            </a>
            <a
              class="link_text videoTitle"
              href="#"
            >
              Вот что делают монстры под кроватью
            </a>
          </div>
        </div>
      </div>
    </div>
  </body>,
  "container": <div>
    <div
      class="videoBlock"
    >
      <div
        class="whiteBlockInfo"
      >
        <span
          class="title"
        >
          Videos
        </span>
        <span
          class="count"
        >
          208
        </span>
      </div>
      <div
        class="videos"
      >
        <div
          class="video"
        >
          <a
            href="#"
          >
            <div
              class="videoImg"
              style="background-image: url(https://i.imgur.com/FDvVliP.jpg);"
            >
              <div
                class="videoPlayIcon"
                data-testid="videoPlayIcon"
              />
            </div>
          </a>
          <a
            class="link_text videoTitle"
            href="#"
          >
            Вот что делают монстры под кроватью
          </a>
        </div>
        <div
          class="video"
        >
          <a
            href="#"
          >
            <div
              class="videoImg"
              style="background-image: url(https://i.imgur.com/FDvVliP.jpg);"
            >
              <div
                class="videoPlayIcon"
                data-testid="videoPlayIcon"
              />
            </div>
          </a>
          <a
            class="link_text videoTitle"
            href="#"
          >
            Вот что делают монстры под кроватью
          </a>
        </div>
      </div>
    </div>
  </div>,
  "debug": [Function],
  "findAllByAltText": [Function],
  "findAllByDisplayValue": [Function],
  "findAllByLabelText": [Function],
  "findAllByPlaceholderText": [Function],
  "findAllByRole": [Function],
  "findAllByTestId": [Function],
  "findAllByText": [Function],
  "findAllByTitle": [Function],
  "findByAltText": [Function],
  "findByDisplayValue": [Function],
  "findByLabelText": [Function],
  "findByPlaceholderText": [Function],
  "findByRole": [Function],
  "findByTestId": [Function],
  "findByText": [Function],
  "findByTitle": [Function],
  "getAllByAltText": [Function],
  "getAllByDisplayValue": [Function],
  "getAllByLabelText": [Function],
  "getAllByPlaceholderText": [Function],
  "getAllByRole": [Function],
  "getAllByTestId": [Function],
  "getAllByText": [Function],
  "getAllByTitle": [Function],
  "getByAltText": [Function],
  "getByDisplayValue": [Function],
  "getByLabelText": [Function],
  "getByPlaceholderText": [Function],
  "getByRole": [Function],
  "getByTestId": [Function],
  "getByText": [Function],
  "getByTitle": [Function],
  "queryAllByAltText": [Function],
  "queryAllByDisplayValue": [Function],
  "queryAllByLabelText": [Function],
  "queryAllByPlaceholderText": [Function],
  "queryAllByRole": [Function],
  "queryAllByTestId": [Function],
  "queryAllByText": [Function],
  "queryAllByTitle": [Function],
  "queryByAltText": [Function],
  "queryByDisplayValue": [Function],
  "queryByLabelText": [Function],
  "queryByPlaceholderText": [Function],
  "queryByRole": [Function],
  "queryByTestId": [Function],
  "queryByText": [Function],
  "queryByTitle": [Function],
  "rerender": [Function],
  "unmount": [Function],
}
`;
